// Jest Snapshot v1, https://goo.gl/fbAQLP

exports[`renders correctly 1`] = `
<View
  style={
    Object {
      "alignItems": "flex-start",
      "backgroundColor": "#fff",
      "flex": 1,
      "justifyContent": "flex-start",
    }
  }
>
  <Toolbar
    centerElement="Friends"
    elevation={4}
    hidden={false}
    isSearchActive={false}
    leftElement={null}
    onLeftElementPress={null}
    onPress={null}
    onRightElementPress={null}
    rightElement={
      <Icon
        allowFontScaling={false}
        color="#FFF"
        name="add"
        size={25}
      />
    }
    searchable={null}
    size={24}
    style={Object {}}
  />
  <View
    style={
      Object {
        "aspectRatio": 3,
        "backgroundColor": "#fff",
        "flex": 3,
        "justifyContent": "flex-start",
      }
    }
  >
    <ScrollViewMock>
      <FlatList
        disableVirtualization={false}
        horizontal={false}
        initialNumToRender={10}
        keyExtractor={[Function]}
        maxToRenderPerBatch={10}
        numColumns={1}
        onEndReachedThreshold={2}
        renderItem={[Function]}
        scrollEventThrottle={50}
        updateCellsBatchingPeriod={50}
        windowSize={21}
      />
    </ScrollViewMock>
  </View>
</View>
`;
