// Jest Snapshot v1, https://goo.gl/fbAQLP

exports[`renders correctly 1`] = `
<View
  style={
    Object {
      "backgroundColor": "#fff",
      "flex": 1,
    }
  }
>
  <Toolbar
    centerElement="Stride"
    elevation={4}
    hidden={false}
    isSearchActive={false}
    leftElement={null}
    onLeftElementPress={null}
    onPress={null}
    onRightElementPress={null}
    rightElement={null}
    searchable={null}
    size={24}
    style={Object {}}
  />
  <View
    style={Object {}}
  >
    <TextInput
      onChangeText={[Function]}
      placeholder="Search food or exercise"
      placeholderTextColor="#000"
      style={
        Object {
          "alignItems": "center",
          "color": "#000",
        }
      }
      underlineColorAndroid="transparent"
    />
  </View>
  <ScrollViewMock
    style={
      Object {
        "flex": 1,
      }
    }
  />
</View>
`;
